id,temp,temp2,T,sum
t=1000
1,27,20,1000,47.0
1,27,20,1000,47.0
1,29,20,1000,49.0
t=1005
1,33,21,1005,54.0
t=1010
1,25,25,1010,50.0
1,31,19,1010,50.0
1,33,17,1010,50.0
