id,temp,T
1,30,1000
1,35,1005
1,25,1005
1,29,1005
1,33,1010
1,25,1015
1,25,1015
1,32,1015
1,35,1020
1,27,1020
1,27,1025
1,35,1025
1,27,1035
