key,value,oldvalue
t=1
A,27,0
B,28,0
C,29,0
t=2
C,0,29
B,31,28
t=3
B,0,31
A,28,27
C,31,0
t=4
A,0,28
C,0,31
D,15,0

