T,oldvalue,value,deviceId
1,null,1,A
1,null,2,A
1,null,3,A
1,null,4,A
2,null,1,B
2,null,2,B
3,4,null,A
3,null,5,A
5,1,null,B
5,2,null,B
5,null,3,B

