id,temp,T,temp2,T2
t=1000
1, 20, 1000, 35, 1000
1, 20, 1000, 38, 1000
1, 20, 1000, 35, 1000
1, 20, 1000, 38, 1000
1, 22, 1000, 35, 1000
1, 22, 1000, 38, 1000
t=1050
1, 22, 1000, 32, 1025
1, 18, 1050, 32, 1025
t=1075
1, 22, 1000, 32, 1025
1, 18, 1050, 32, 1025
1, 25, 1075, 32, 1025
