id,temp,temp2,T
1,30,35,1000
1,30,28,1005
1,35,35,1005
1,35,28,1005
1,25,35,1005
1,25,28,1005
1,29,35,1005
1,29,28,1005
1,30,33,1010
1,35,33,1010
1,25,33,1010
1,29,33,1010
1,33,35,1010
1,33,28,1010
1,33,33,1010
1,35,28,1015
1,25,28,1015
1,29,28,1015
1,33,28,1015
1,25,28,1015
1,25,33,1015
1,25,28,1015
1,25,28,1015
1,25,33,1015
1,25,28,1015
1,32,28,1015
1,32,33,1015
1,32,28,1015
1,33,30,1020
1,25,30,1020
1,25,30,1020
1,32,30,1020
1,25,35,1025
1,25,35,1025
1,32,35,1025