id,T,temp
t=1000
1,1000,30
t=1005
1,1005,35
t=1006
1,1005,35
2,1006,32
t=1007
2,1006,32
1,1007,25
t=1009
1,1009,29
2,1009,30
t=1010
2,1009,30
1,1010,33
t=1012
2,1009,30
1,1012,25
t=1013
2,1009,30
1,1013,25
t=1015
2,1009,30
1,1015,32
t=1020
2,1020,24
1,1020,35
t=1021
2,1020,24
1,1021,27
t=1025
2,1020,24
1,1025,27
t=1026
2,1020,24
1,1026,35
t=1035
1,1026,35
2,1035,27
