v,T
t=1
1,1
t=2
1,1
2,2
3,2
t=2
1,1
2,2
3,2
4,2
5,2
t=3
2,2
3,2
4,2
5,2
t=4
6,4
t=6
