id,temp
t=1000
1,27
1,27
1,29
t=1005
1,33
t=1010
1,25
1,31
1,33
t=1015
1,31
t=1020
t=1025
1,33
1,29
