TITLE,GENRE,YEARS,DIRECTOR,ACTOR
t=1000
Titanic,drama,90,James Cameron,Bill Paxton
Crimewave,comedy,80,Joel Coen,Louise Lasser
Avatar,action,0,James Cameron,Zoe Saldana

