id,temp,T
t=1005
1,33,1005
t=1010
1,31,1010
1,33,1010
t=1015
1,31,1015
t=1020
t=1025
1,33,1025
t=1030
1,30,1030
1,30,1030
t=1035
1,32,1035
t=1040
t=1045
1,34,1045
t=1050
1,34,1050
